// Jest Snapshot v1, https://goo.gl/fbAQLP

exports[`SHOULD correctly render <BasePage> component 1`] = `
<div
  className="basepage"
>
  <div
    className="basepage__headings"
  >
    <headings />
  </div>
  <section
    className="basepage__main"
  >
    <main />
  </section>
</div>
`;
